
> paperlight-productions@0.1.0 build
> next build

Γû▓ Next.js 16.1.6 (Turbopack)
- Environments: .env.local

node.exe : ΓÜá The "middleware" file 
convention is deprecated. Please use 
"proxy" instead. Learn more: https://nextj
s.org/docs/messages/middleware-to-proxy
At line:1 char:1
+ & "C:\Program Files\nodejs/node.exe" 
"C:\Program Files\nodejs/node_mo ...
+ ~~~~~~~~~~~~~~~~~~~~~~~~~~~~~~~~~~~~~~~~
~~~~~~~~~~~~~~~~~~~~~~~~~~~~~
    + CategoryInfo          : NotSpecifie 
   d: (ΓÜá The "middle...leware-to-proxy  
  :String) [], RemoteException
    + FullyQualifiedErrorId : NativeComma 
   ndError
 
  Creating an optimized production build ...
Γ£ô Compiled successfully in 5.3s
  Running TypeScript ...
Failed to compile.

./src/lib/cloudinary.ts:1:34
Type error: Cannot find module 
'cloudinary' or its corresponding type 
declarations.

[0m[31m[1m>[22m[39m[90m 1 |[39m 
[36mimport[39m { v2 [36mas[39m 
cloudinary } [36mfrom[39m 
[32m'cloudinary'[39m[33m;[39m
 [90m   |[39m                           
       [31m[1m^[22m[39m
 [90m 2 |[39m
 [90m 3 |[39m [90m// Configure the SDK 
using environment variables[39m
 [90m 4 |[39m 
cloudinary[33m.[39mconfig({[0m
Next.js build worker exited with code: 1 
and signal: null
